2026-09-22 13:25:41 | INFO | P04 | === RUN START ===
2026-09-22 13:25:41 | INFO | P04 | project=P04 - EXPLORATORY DATA ANALYSIS
2026-09-22 13:25:41 | INFO | P04 | repo_dir=datafun-04-eda
2026-09-22 13:25:41 | INFO | P04 | python=3.14.7
2026-09-22 13:25:41 | INFO | P04 | os=Darwin 21.6.0
2026-09-22 13:25:41 | INFO | P04 | shell=zsh
2026-09-22 13:25:41 | INFO | P04 | cwd=.
2026-09-22 13:25:41 | INFO | P04 | github_actions=False
2026-09-22 13:25:41 | INFO | P04 | ===================================
2026-09-22 13:25:41 | INFO | P04 | START main()
2026-09-22 13:25:41 | INFO | P04 | ===================================
2026-09-22 13:25:41 | INFO | P04 | -------------------------------
2026-09-22 13:25:41 | INFO | P04 | 01. LOAD the data.
2026-09-22 13:25:41 | INFO | P04 | -------------------------------
2026-09-22 13:25:41 | INFO | P04 | Loading Seaborn dataset: penguins
2026-09-22 13:25:41 | INFO | P04 | Loaded: 344 rows, 7 columns
2026-09-22 13:25:41 | INFO | P04 | -------------------------------
2026-09-22 13:25:41 | INFO | P04 | 02. INSPECT the data.
2026-09-22 13:25:41 | INFO | P04 | -------------------------------
2026-09-22 13:25:41 | DEBUG | P04 | 
DATA INSPECTION

Grain:
one observed penguin

Shape:
344 rows
7 columns

Columns:
['species', 'island', 'bill_length_mm', 'bill_depth_mm', 'flipper_length_mm', 'body_mass_g', 'sex']

2026-09-22 13:25:41 | INFO | P04 | 
DATA INSPECTION

Grain:
one observed penguin

Shape:
344 rows
7 columns

Columns:
['species', 'island', 'bill_length_mm', 'bill_depth_mm', 'flipper_length_mm', 'body_mass_g', 'sex']

2026-09-22 13:25:41 | INFO | P04 | -------------------------------
2026-09-22 13:25:41 | INFO | P04 | 03. CHECK data quality.
2026-09-22 13:25:41 | INFO | P04 | -------------------------------
2026-09-22 13:25:41 | DEBUG | P04 | 
              column    dtype  non_missing_count  missing_count  missing_pct  unique_count
0            species      str                344              0         0.00             3
1             island      str                344              0         0.00             3
2     bill_length_mm  float64                342              2         0.58           164
3      bill_depth_mm  float64                342              2         0.58            80
4  flipper_length_mm  float64                342              2         0.58            55
5        body_mass_g  float64                342              2         0.58            94
6                sex      str                333             11         3.20             2
2026-09-22 13:25:41 | INFO | P04 | 
              column    dtype  non_missing_count  missing_count  missing_pct  unique_count
0            species      str                344              0         0.00             3
1             island      str                344              0         0.00             3
2     bill_length_mm  float64                342              2         0.58           164
3      bill_depth_mm  float64                342              2         0.58            80
4  flipper_length_mm  float64                342              2         0.58            55
5        body_mass_g  float64                342              2         0.58            94
6                sex      str                333             11         3.20             2
2026-09-22 13:25:42 | DEBUG | P04 | 
sex                  11
bill_depth_mm         2
bill_length_mm        2
flipper_length_mm     2
body_mass_g           2
island                0
species               0
dtype: int64
2026-09-22 13:25:42 | INFO | P04 | 
Missing values:
sex                  11
bill_depth_mm         2
bill_length_mm        2
flipper_length_mm     2
body_mass_g           2
island                0
species               0
dtype: int64
2026-09-22 13:25:42 | INFO | P04 | Duplicate rows detected: 0
2026-09-22 13:25:42 | INFO | P04 | Duplicate rows: 0
2026-09-22 13:25:45 | INFO | P04 | -------------------------------
2026-09-22 13:25:45 | INFO | P04 | 04. DESCRIBE numeric variables.
2026-09-22 13:25:45 | INFO | P04 | -------------------------------
2026-09-22 13:25:45 | DEBUG | P04 | 
                   count         mean         std     min       25%      50%     75%     max
bill_length_mm     342.0    43.921930    5.459584    32.1    39.225    44.45    48.5    59.6
bill_depth_mm      342.0    17.151170    1.974793    13.1    15.600    17.30    18.7    21.5
flipper_length_mm  342.0   200.915205   14.061714   172.0   190.000   197.00   213.0   231.0
body_mass_g        342.0  4201.754386  801.954536  2700.0  3550.000  4050.00  4750.0  6300.0
2026-09-22 13:25:45 | INFO | P04 | 
                   count         mean         std     min       25%      50%     75%     max
bill_length_mm     342.0    43.921930    5.459584    32.1    39.225    44.45    48.5    59.6
bill_depth_mm      342.0    17.151170    1.974793    13.1    15.600    17.30    18.7    21.5
flipper_length_mm  342.0   200.915205   14.061714   172.0   190.000   197.00   213.0   231.0
body_mass_g        342.0  4201.754386  801.954536  2700.0  3550.000  4050.00  4750.0  6300.0
2026-09-22 13:25:45 | INFO | P04 | -------------------------------
2026-09-22 13:25:45 | INFO | P04 | 05. VISUALIZE distributions.
2026-09-22 13:25:45 | INFO | P04 | -------------------------------
2026-09-22 13:25:46 | INFO | P04 | -------------------------------
2026-09-22 13:25:46 | INFO | P04 | 06. EXPLORE relationships (e.g., between 2 numeric variables).
2026-09-22 13:25:46 | INFO | P04 | -------------------------------
2026-09-22 13:25:46 | INFO | P04 | Correlation between flipper_length_mm and body_mass_g: 0.871
2026-09-22 13:25:46 | INFO | P04 | Correlation between flipper_length_mm and body_mass_g: 0.871
2026-09-22 13:25:47 | INFO | P04 | -------------------------------
2026-09-22 13:25:47 | INFO | P04 | 07. SUMMARIZE what you found.
2026-09-22 13:25:47 | INFO | P04 | -------------------------------
2026-09-22 13:25:47 | INFO | P04 | CUSTOM OBSERVATIONS:
    The dataset contains penguin measurements.
    Some observations (rows) are complete, but some are missing values.

    I reviewed the relationship between:
    Flipper length vs. body mass
    and it shows a positive relationship.

    Based on this EDA, I would next like to review additional
    relationships between other numeric variables.
    Marimo (reactive notebook cells) might be a good choice
    for additional exploration.
    
2026-09-22 13:25:47 | INFO | P04 | -------------------------------
2026-09-22 13:25:47 | INFO | P04 | 08. DISPLAY the charts.
2026-09-22 13:25:47 | INFO | P04 | -------------------------------
2026-09-22 13:25:47 | INFO | P04 | In a script, call plt.show() at the end to display all charts.
2026-09-22 13:25:47 | INFO | P04 | Close all chart windows (with the close button) to continue.
2026-09-22 13:26:23 | INFO | P04 | ===================================
2026-09-22 13:26:23 | INFO | P04 | END main() - Executed successfully!
2026-09-22 13:26:23 | INFO | P04 | ===================================
2026-09-22 13:38:27 | INFO | P04 | === RUN START ===
2026-09-22 13:38:27 | INFO | P04 | project=P04 - EXPLORATORY DATA ANALYSIS
2026-09-22 13:38:27 | INFO | P04 | repo_dir=datafun-04-eda
2026-09-22 13:38:27 | INFO | P04 | python=3.14.7
2026-09-22 13:38:27 | INFO | P04 | os=Darwin 21.6.0
2026-09-22 13:38:27 | INFO | P04 | shell=zsh
2026-09-22 13:38:27 | INFO | P04 | cwd=.
2026-09-22 13:38:27 | INFO | P04 | github_actions=False
2026-09-22 13:38:27 | INFO | P04 | ===================================
2026-09-22 13:38:27 | INFO | P04 | START main()
2026-09-22 13:38:27 | INFO | P04 | ===================================
2026-09-22 13:38:27 | INFO | P04 | -------------------------------
2026-09-22 13:38:27 | INFO | P04 | 01. LOAD the data.
2026-09-22 13:38:27 | INFO | P04 | -------------------------------
2026-09-22 13:38:27 | INFO | P04 | Loading Seaborn dataset: penguins
2026-09-22 13:38:27 | INFO | P04 | Loaded: 344 rows, 7 columns
2026-09-22 13:38:27 | INFO | P04 | -------------------------------
2026-09-22 13:38:27 | INFO | P04 | 02. INSPECT the data.
2026-09-22 13:38:27 | INFO | P04 | -------------------------------
2026-09-22 13:38:27 | DEBUG | P04 | 
DATA INSPECTION

Grain:
one observed penguin

Shape:
344 rows
7 columns

Columns:
['species', 'island', 'bill_length_mm', 'bill_depth_mm', 'flipper_length_mm', 'body_mass_g', 'sex']

2026-09-22 13:38:27 | INFO | P04 | 
DATA INSPECTION

Grain:
one observed penguin

Shape:
344 rows
7 columns

Columns:
['species', 'island', 'bill_length_mm', 'bill_depth_mm', 'flipper_length_mm', 'body_mass_g', 'sex']

2026-09-22 13:38:27 | INFO | P04 | -------------------------------
2026-09-22 13:38:27 | INFO | P04 | 03. CHECK data quality.
2026-09-22 13:38:27 | INFO | P04 | -------------------------------
2026-09-22 13:38:27 | DEBUG | P04 | 
              column    dtype  non_missing_count  missing_count  missing_pct  unique_count
0            species      str                344              0         0.00             3
1             island      str                344              0         0.00             3
2     bill_length_mm  float64                342              2         0.58           164
3      bill_depth_mm  float64                342              2         0.58            80
4  flipper_length_mm  float64                342              2         0.58            55
5        body_mass_g  float64                342              2         0.58            94
6                sex      str                333             11         3.20             2
2026-09-22 13:38:27 | INFO | P04 | 
              column    dtype  non_missing_count  missing_count  missing_pct  unique_count
0            species      str                344              0         0.00             3
1             island      str                344              0         0.00             3
2     bill_length_mm  float64                342              2         0.58           164
3      bill_depth_mm  float64                342              2         0.58            80
4  flipper_length_mm  float64                342              2         0.58            55
5        body_mass_g  float64                342              2         0.58            94
6                sex      str                333             11         3.20             2
2026-09-22 13:38:27 | DEBUG | P04 | 
sex                  11
bill_depth_mm         2
bill_length_mm        2
flipper_length_mm     2
body_mass_g           2
island                0
species               0
dtype: int64
2026-09-22 13:38:27 | INFO | P04 | 
Missing values:
sex                  11
bill_depth_mm         2
bill_length_mm        2
flipper_length_mm     2
body_mass_g           2
island                0
species               0
dtype: int64
2026-09-22 13:38:27 | INFO | P04 | Duplicate rows detected: 0
2026-09-22 13:38:27 | INFO | P04 | Duplicate rows: 0
2026-09-22 13:38:29 | INFO | P04 | -------------------------------
2026-09-22 13:38:29 | INFO | P04 | 04. DESCRIBE numeric variables.
2026-09-22 13:38:29 | INFO | P04 | -------------------------------
2026-09-22 13:38:29 | DEBUG | P04 | 
                   count         mean         std     min       25%      50%     75%     max
bill_length_mm     342.0    43.921930    5.459584    32.1    39.225    44.45    48.5    59.6
bill_depth_mm      342.0    17.151170    1.974793    13.1    15.600    17.30    18.7    21.5
flipper_length_mm  342.0   200.915205   14.061714   172.0   190.000   197.00   213.0   231.0
body_mass_g        342.0  4201.754386  801.954536  2700.0  3550.000  4050.00  4750.0  6300.0
2026-09-22 13:38:29 | INFO | P04 | 
                   count         mean         std     min       25%      50%     75%     max
bill_length_mm     342.0    43.921930    5.459584    32.1    39.225    44.45    48.5    59.6
bill_depth_mm      342.0    17.151170    1.974793    13.1    15.600    17.30    18.7    21.5
flipper_length_mm  342.0   200.915205   14.061714   172.0   190.000   197.00   213.0   231.0
body_mass_g        342.0  4201.754386  801.954536  2700.0  3550.000  4050.00  4750.0  6300.0
2026-09-22 13:38:29 | INFO | P04 | -------------------------------
2026-09-22 13:38:29 | INFO | P04 | 05. VISUALIZE distributions.
2026-09-22 13:38:29 | INFO | P04 | -------------------------------
2026-09-22 13:38:30 | INFO | P04 | -------------------------------
2026-09-22 13:38:30 | INFO | P04 | 06. EXPLORE relationships (e.g., between 2 numeric variables).
2026-09-22 13:38:30 | INFO | P04 | -------------------------------
2026-09-22 13:38:30 | INFO | P04 | Correlation between flipper_length_mm and body_mass_g: 0.871
2026-09-22 13:38:30 | INFO | P04 | Correlation between flipper_length_mm and body_mass_g: 0.871
2026-09-22 13:38:31 | INFO | P04 | -------------------------------
2026-09-22 13:38:31 | INFO | P04 | 07. SUMMARIZE what you found.
2026-09-22 13:38:31 | INFO | P04 | -------------------------------
2026-09-22 13:38:31 | INFO | P04 | CUSTOM OBSERVATIONS:
    The dataset contains penguin measurements.
    Some observations (rows) are complete, but some are missing values.

    I reviewed the relationship between:
    Flipper length vs. body mass
    and it shows a positive relationship.

    Based on this EDA, I would next like to review additional
    relationships between other numeric variables.
    Marimo (reactive notebook cells) might be a good choice
    for additional exploration.
    
2026-09-22 13:38:31 | INFO | P04 | -------------------------------
2026-09-22 13:38:31 | INFO | P04 | 08. DISPLAY the charts.
2026-09-22 13:38:31 | INFO | P04 | -------------------------------
2026-09-22 13:38:31 | INFO | P04 | In a script, call plt.show() at the end to display all charts.
2026-09-22 13:38:31 | INFO | P04 | Close all chart windows (with the close button) to continue.
2026-09-22 13:39:23 | INFO | P04 | ===================================
2026-09-22 13:39:23 | INFO | P04 | END main() - Executed successfully!
2026-09-22 13:39:23 | INFO | P04 | ===================================
